Compiling program 1...

LEXER -- Lexing program 1...
LEXER -- L_BRACE [ { ] found at (1:1)
LEXER -- DIGIT [ 1 ] found at (1:2)
LEXER -- ASSIGN_OP [ = ] found at (1:4)
LEXER -- DIGIT [ 2 ] found at (1:6)
LEXER -- R_BRACE [ } ] found at (1:7)
LEXER -- EOP [ $ ] found at (1:8)
LEXER -- Lexing complete for program 1. No errors found.

PARSER -- Parsing program 1...
PARSER -- parse()
PARSER -- parseProgram()
PARSER -- parseBlock()
PARSER -- parseStatementList()
PARSER -- ERROR: Expected [R_BRACE], found [DIGIT] with value '1' at (1:2)
PARSER -- Parse failed with 1 error(s)
Compilation stopped for program 1 due to Parse error(s).

-------------------------------------------
Compiling program 2...

LEXER -- Lexing program 2...
LEXER -- L_BRACE [ { ] found at (3:1)
LEXER -- R_BRACE [ } ] found at (3:2)
LEXER -- EOP [ $ ] found at (3:3)
LEXER -- Lexing complete for program 2. No errors found.

PARSER -- Parsing program 2...
PARSER -- parse()
PARSER -- parseProgram()
PARSER -- parseBlock()
PARSER -- parseStatementList()
PARSER -- Parse completed successfully.

CST for program 2:
<Program>
-<Block>
--[{]
--<StatementList>
--[}]
-[$]

Compilation complete (for now) for program 2.

-------------------------------------------
Compiling program 3...

LEXER -- Lexing program 3...
LEXER -- L_BRACE [ { ] found at (5:1)
LEXER -- L_BRACE [ { ] found at (5:2)
LEXER -- L_BRACE [ { ] found at (5:3)
LEXER -- L_BRACE [ { ] found at (5:4)
LEXER -- L_BRACE [ { ] found at (5:5)
LEXER -- L_BRACE [ { ] found at (5:6)
LEXER -- R_BRACE [ } ] found at (5:7)
LEXER -- R_BRACE [ } ] found at (5:8)
LEXER -- R_BRACE [ } ] found at (5:9)
LEXER -- R_BRACE [ } ] found at (5:10)
LEXER -- R_BRACE [ } ] found at (5:11)
LEXER -- R_BRACE [ } ] found at (5:12)
LEXER -- EOP [ $ ] found at (5:13)
LEXER -- Lexing complete for program 3. No errors found.

PARSER -- Parsing program 3...
PARSER -- parse()
PARSER -- parseProgram()
PARSER -- parseBlock()
PARSER -- parseStatementList()
PARSER -- parseStatement()
PARSER -- parseBlock()
PARSER -- parseStatementList()
PARSER -- parseStatement()
PARSER -- parseBlock()
PARSER -- parseStatementList()
PARSER -- parseStatement()
PARSER -- parseBlock()
PARSER -- parseStatementList()
PARSER -- parseStatement()
PARSER -- parseBlock()
PARSER -- parseStatementList()
PARSER -- parseStatement()
PARSER -- parseBlock()
PARSER -- parseStatementList()
PARSER -- parseStatementList()
PARSER -- parseStatementList()
PARSER -- parseStatementList()
PARSER -- parseStatementList()
PARSER -- parseStatementList()
PARSER -- Parse completed successfully.

CST for program 3:
<Program>
-<Block>
--[{]
--<StatementList>
---<Statement>
----<Block>
-----[{]
-----<StatementList>
------<Statement>
-------<Block>
--------[{]
--------<StatementList>
---------<Statement>
----------<Block>
-----------[{]
-----------<StatementList>
------------<Statement>
-------------<Block>
--------------[{]
--------------<StatementList>
---------------<Statement>
----------------<Block>
-----------------[{]
-----------------<StatementList>
-----------------[}]
---------------<StatementList>
--------------[}]
------------<StatementList>
-----------[}]
---------<StatementList>
--------[}]
------<StatementList>
-----[}]
---<StatementList>
--[}]
-[$]

Compilation complete (for now) for program 3.

-------------------------------------------
Compiling program 4...

LEXER -- Lexing program 4...
LEXER -- L_BRACE [ { ] found at (7:1)
LEXER -- L_BRACE [ { ] found at (7:2)
LEXER -- L_BRACE [ { ] found at (7:3)
LEXER -- L_BRACE [ { ] found at (7:4)
LEXER -- L_BRACE [ { ] found at (7:5)
LEXER -- L_BRACE [ { ] found at (7:6)
LEXER -- R_BRACE [ } ] found at (7:7)
LEXER -- R_BRACE [ } ] found at (7:8)
LEXER -- R_BRACE [ } ] found at (7:9)
LEXER -- R_BRACE [ } ] found at (7:10)
LEXER -- R_BRACE [ } ] found at (7:11)
LEXER -- EOP [ $ ] found at (7:12)
LEXER -- Lexing complete for program 4. No errors found.

PARSER -- Parsing program 4...
PARSER -- parse()
PARSER -- parseProgram()
PARSER -- parseBlock()
PARSER -- parseStatementList()
PARSER -- parseStatement()
PARSER -- parseBlock()
PARSER -- parseStatementList()
PARSER -- parseStatement()
PARSER -- parseBlock()
PARSER -- parseStatementList()
PARSER -- parseStatement()
PARSER -- parseBlock()
PARSER -- parseStatementList()
PARSER -- parseStatement()
PARSER -- parseBlock()
PARSER -- parseStatementList()
PARSER -- parseStatement()
PARSER -- parseBlock()
PARSER -- parseStatementList()
PARSER -- parseStatementList()
PARSER -- parseStatementList()
PARSER -- parseStatementList()
PARSER -- parseStatementList()
PARSER -- parseStatementList()
PARSER -- ERROR: Expected [R_BRACE], found [EOP] with value '$' at (7:12)
PARSER -- Parse failed with 1 error(s)
Compilation stopped for program 4 due to Parse error(s).

-------------------------------------------
Compiling program 5...

LEXER -- Lexing program 5...
LEXER -- L_BRACE [ { ] found at (9:1)
LEXER -- PRINT [ print ] found at (9:2)
LEXER -- L_PAREN [ ( ] found at (9:7)
LEXER -- QUOTE [ " ] found at (9:8)
LEXER -- QUOTE [ " ] found at (9:9)
LEXER -- R_PAREN [ ) ] found at (9:10)
LEXER -- R_BRACE [ } ] found at (9:11)
LEXER -- EOP [ $ ] found at (9:12)
LEXER -- Lexing complete for program 5. No errors found.

PARSER -- Parsing program 5...
PARSER -- parse()
PARSER -- parseProgram()
PARSER -- parseBlock()
PARSER -- parseStatementList()
PARSER -- parseStatement()
PARSER -- parsePrintStatement()
PARSER -- parseExpr()
PARSER -- parseStringExpr()
PARSER -- parseCharList()
PARSER -- parseStatementList()
PARSER -- Parse completed successfully.

CST for program 5:
<Program>
-<Block>
--[{]
--<StatementList>
---<Statement>
----<PrintStatement>
-----[print]
-----[(]
-----<Expr>
------<StringExpr>
-------["]
-------<CharList>
-------["]
-----[)]
---<StatementList>
--[}]
-[$]

Compilation complete (for now) for program 5.

-------------------------------------------
Compiling program 6...

LEXER -- Lexing program 6...
LEXER -- L_BRACE [ { ] found at (11:1)
LEXER -- PRINT [ print ] found at (11:2)
LEXER -- L_PAREN [ ( ] found at (11:7)
LEXER -- CHAR [ a ] found at (11:8)
LEXER -- R_PAREN [ ) ] found at (11:9)
LEXER -- R_BRACE [ } ] found at (11:10)
LEXER -- EOP [ $ ] found at (11:11)
LEXER -- Lexing complete for program 6. No errors found.

PARSER -- Parsing program 6...
PARSER -- parse()
PARSER -- parseProgram()
PARSER -- parseBlock()
PARSER -- parseStatementList()
PARSER -- parseStatement()
PARSER -- parsePrintStatement()
PARSER -- parseExpr()
PARSER -- parseId()
PARSER -- parseStatementList()
PARSER -- Parse completed successfully.

CST for program 6:
<Program>
-<Block>
--[{]
--<StatementList>
---<Statement>
----<PrintStatement>
-----[print]
-----[(]
-----<Expr>
------<Id>
-------[a]
-----[)]
---<StatementList>
--[}]
-[$]

Compilation complete (for now) for program 6.

-------------------------------------------
Compiling program 7...

LEXER -- Lexing program 7...
LEXER -- L_BRACE [ { ] found at (13:1)
LEXER -- PRINT [ print ] found at (13:2)
LEXER -- L_PAREN [ ( ] found at (13:7)
LEXER -- DIGIT [ 2 ] found at (13:8)
LEXER -- R_PAREN [ ) ] found at (13:9)
LEXER -- R_BRACE [ } ] found at (13:10)
LEXER -- EOP [ $ ] found at (13:11)
LEXER -- Lexing complete for program 7. No errors found.

PARSER -- Parsing program 7...
PARSER -- parse()
PARSER -- parseProgram()
PARSER -- parseBlock()
PARSER -- parseStatementList()
PARSER -- parseStatement()
PARSER -- parsePrintStatement()
PARSER -- parseExpr()
PARSER -- parseIntExpr()
PARSER -- parseStatementList()
PARSER -- Parse completed successfully.

CST for program 7:
<Program>
-<Block>
--[{]
--<StatementList>
---<Statement>
----<PrintStatement>
-----[print]
-----[(]
-----<Expr>
------<IntExpr>
-------[2]
-----[)]
---<StatementList>
--[}]
-[$]

Compilation complete (for now) for program 7.

-------------------------------------------
Compiling program 8...

LEXER -- Lexing program 8...
LEXER -- L_BRACE [ { ] found at (15:1)
LEXER -- PRINT [ print ] found at (15:2)
LEXER -- L_PAREN [ ( ] found at (15:7)
LEXER -- QUOTE [ " ] found at (15:8)
LEXER -- CHAR [ a ] found at (15:9)
LEXER -- QUOTE [ " ] found at (15:10)
LEXER -- R_PAREN [ ) ] found at (15:11)
LEXER -- R_BRACE [ } ] found at (15:12)
LEXER -- EOP [ $ ] found at (15:13)
LEXER -- Lexing complete for program 8. No errors found.

PARSER -- Parsing program 8...
PARSER -- parse()
PARSER -- parseProgram()
PARSER -- parseBlock()
PARSER -- parseStatementList()
PARSER -- parseStatement()
PARSER -- parsePrintStatement()
PARSER -- parseExpr()
PARSER -- parseStringExpr()
PARSER -- parseCharList()
PARSER -- parseCharList()
PARSER -- parseStatementList()
PARSER -- Parse completed successfully.

CST for program 8:
<Program>
-<Block>
--[{]
--<StatementList>
---<Statement>
----<PrintStatement>
-----[print]
-----[(]
-----<Expr>
------<StringExpr>
-------["]
-------<CharList>
--------[a]
--------<CharList>
-------["]
-----[)]
---<StatementList>
--[}]
-[$]

Compilation complete (for now) for program 8.

-------------------------------------------
Compiling program 9...

LEXER -- Lexing program 9...
LEXER -- L_BRACE [ { ] found at (17:1)
LEXER -- PRINT [ print ] found at (17:2)
LEXER -- L_PAREN [ ( ] found at (17:7)
LEXER -- BOOL_VAL [ false ] found at (17:8)
LEXER -- R_PAREN [ ) ] found at (17:13)
LEXER -- R_BRACE [ } ] found at (17:14)
LEXER -- EOP [ $ ] found at (17:15)
LEXER -- Lexing complete for program 9. No errors found.

PARSER -- Parsing program 9...
PARSER -- parse()
PARSER -- parseProgram()
PARSER -- parseBlock()
PARSER -- parseStatementList()
PARSER -- parseStatement()
PARSER -- parsePrintStatement()
PARSER -- parseExpr()
PARSER -- parseBooleanExpr()
PARSER -- parseStatementList()
PARSER -- Parse completed successfully.

CST for program 9:
<Program>
-<Block>
--[{]
--<StatementList>
---<Statement>
----<PrintStatement>
-----[print]
-----[(]
-----<Expr>
------<BooleanExpr>
-------[false]
-----[)]
---<StatementList>
--[}]
-[$]

Compilation complete (for now) for program 9.

-------------------------------------------
Compiling program 10...

LEXER -- Lexing program 10...
LEXER -- L_BRACE [ { ] found at (19:1)
LEXER -- PRINT [ print ] found at (19:2)
LEXER -- L_PAREN [ ( ] found at (19:7)
LEXER -- QUOTE [ " ] found at (19:8)
LEXER -- CHAR [ i ] found at (19:9)
LEXER -- CHAR [ n ] found at (19:10)
LEXER -- CHAR [ t ] found at (19:11)
LEXER -- CHAR [ a ] found at (19:12)
LEXER -- QUOTE [ " ] found at (19:13)
LEXER -- R_PAREN [ ) ] found at (19:14)
LEXER -- R_BRACE [ } ] found at (19:15)
LEXER -- EOP [ $ ] found at (19:16)
LEXER -- Lexing complete for program 10. No errors found.

PARSER -- Parsing program 10...
PARSER -- parse()
PARSER -- parseProgram()
PARSER -- parseBlock()
PARSER -- parseStatementList()
PARSER -- parseStatement()
PARSER -- parsePrintStatement()
PARSER -- parseExpr()
PARSER -- parseStringExpr()
PARSER -- parseCharList()
PARSER -- parseCharList()
PARSER -- parseCharList()
PARSER -- parseCharList()
PARSER -- parseCharList()
PARSER -- parseStatementList()
PARSER -- Parse completed successfully.

CST for program 10:
<Program>
-<Block>
--[{]
--<StatementList>
---<Statement>
----<PrintStatement>
-----[print]
-----[(]
-----<Expr>
------<StringExpr>
-------["]
-------<CharList>
--------[i]
--------<CharList>
---------[n]
---------<CharList>
----------[t]
----------<CharList>
-----------[a]
-----------<CharList>
-------["]
-----[)]
---<StatementList>
--[}]
-[$]

Compilation complete (for now) for program 10.

-------------------------------------------
Compiling program 11...

LEXER -- Lexing program 11...
LEXER -- PRINT [ print ] found at (21:1)
LEXER -- L_PAREN [ ( ] found at (21:6)
LEXER -- CHAR [ a ] found at (21:7)
LEXER -- R_PAREN [ ) ] found at (21:8)
LEXER -- L_BRACE [ { ] found at (21:9)
LEXER -- PRINT [ print ] found at (21:10)
LEXER -- L_PAREN [ ( ] found at (21:15)
LEXER -- CHAR [ a ] found at (21:16)
LEXER -- R_PAREN [ ) ] found at (21:17)
LEXER -- R_BRACE [ } ] found at (21:18)
LEXER -- EOP [ $ ] found at (21:19)
LEXER -- Lexing complete for program 11. No errors found.

PARSER -- Parsing program 11...
PARSER -- parse()
PARSER -- parseProgram()
PARSER -- parseBlock()
PARSER -- ERROR: Expected [L_BRACE], found [PRINT] with value 'print' at (21:1)
PARSER -- Parse failed with 1 error(s)
Compilation stopped for program 11 due to Parse error(s).

-------------------------------------------
Compiling program 12...

LEXER -- Lexing program 12...
LEXER -- L_BRACE [ { ] found at (23:1)
LEXER -- CHAR [ a ] found at (23:2)
LEXER -- ASSIGN_OP [ = ] found at (23:3)
LEXER -- DIGIT [ 1 ] found at (23:4)
LEXER -- R_BRACE [ } ] found at (23:5)
LEXER -- EOP [ $ ] found at (23:6)
LEXER -- Lexing complete for program 12. No errors found.

PARSER -- Parsing program 12...
PARSER -- parse()
PARSER -- parseProgram()
PARSER -- parseBlock()
PARSER -- parseStatementList()
PARSER -- parseStatement()
PARSER -- parseAssignmentStatement()
PARSER -- parseId()
PARSER -- parseExpr()
PARSER -- parseIntExpr()
PARSER -- parseStatementList()
PARSER -- Parse completed successfully.

CST for program 12:
<Program>
-<Block>
--[{]
--<StatementList>
---<Statement>
----<AssignmentStatement>
-----<Id>
------[a]
-----[=]
-----<Expr>
------<IntExpr>
-------[1]
---<StatementList>
--[}]
-[$]

Compilation complete (for now) for program 12.

-------------------------------------------
Compiling program 13...

LEXER -- Lexing program 13...
LEXER -- L_BRACE [ { ] found at (25:1)
LEXER -- CHAR [ a ] found at (25:2)
LEXER -- ASSIGN_OP [ = ] found at (25:4)
LEXER -- DIGIT [ 1 ] found at (25:6)
LEXER -- R_BRACE [ } ] found at (25:7)
LEXER -- EOP [ $ ] found at (25:8)
LEXER -- Lexing complete for program 13. No errors found.

PARSER -- Parsing program 13...
PARSER -- parse()
PARSER -- parseProgram()
PARSER -- parseBlock()
PARSER -- parseStatementList()
PARSER -- parseStatement()
PARSER -- parseAssignmentStatement()
PARSER -- parseId()
PARSER -- parseExpr()
PARSER -- parseIntExpr()
PARSER -- parseStatementList()
PARSER -- Parse completed successfully.

CST for program 13:
<Program>
-<Block>
--[{]
--<StatementList>
---<Statement>
----<AssignmentStatement>
-----<Id>
------[a]
-----[=]
-----<Expr>
------<IntExpr>
-------[1]
---<StatementList>
--[}]
-[$]

Compilation complete (for now) for program 13.

-------------------------------------------
Compiling program 14...

LEXER -- Lexing program 14...
LEXER -- L_BRACE [ { ] found at (27:1)
LEXER -- CHAR [ a ] found at (27:2)
LEXER -- ASSIGN_OP [ = ] found at (27:4)
LEXER -- DIGIT [ 1 ] found at (27:6)
LEXER -- INT_OP [ + ] found at (27:8)
LEXER -- DIGIT [ 2 ] found at (27:10)
LEXER -- INT_OP [ + ] found at (27:12)
LEXER -- DIGIT [ 3 ] found at (27:14)
LEXER -- INT_OP [ + ] found at (27:16)
LEXER -- DIGIT [ 4 ] found at (27:18)
LEXER -- INT_OP [ + ] found at (27:22)
LEXER -- DIGIT [ 5 ] found at (27:29)
LEXER -- R_BRACE [ } ] found at (27:30)
LEXER -- EOP [ $ ] found at (27:31)
LEXER -- Lexing complete for program 14. No errors found.

PARSER -- Parsing program 14...
PARSER -- parse()
PARSER -- parseProgram()
PARSER -- parseBlock()
PARSER -- parseStatementList()
PARSER -- parseStatement()
PARSER -- parseAssignmentStatement()
PARSER -- parseId()
PARSER -- parseExpr()
PARSER -- parseIntExpr()
PARSER -- parseExpr()
PARSER -- parseIntExpr()
PARSER -- parseExpr()
PARSER -- parseIntExpr()
PARSER -- parseExpr()
PARSER -- parseIntExpr()
PARSER -- parseExpr()
PARSER -- parseIntExpr()
PARSER -- parseStatementList()
PARSER -- Parse completed successfully.

CST for program 14:
<Program>
-<Block>
--[{]
--<StatementList>
---<Statement>
----<AssignmentStatement>
-----<Id>
------[a]
-----[=]
-----<Expr>
------<IntExpr>
-------[1]
-------[+]
-------<Expr>
--------<IntExpr>
---------[2]
---------[+]
---------<Expr>
----------<IntExpr>
-----------[3]
-----------[+]
-----------<Expr>
------------<IntExpr>
-------------[4]
-------------[+]
-------------<Expr>
--------------<IntExpr>
---------------[5]
---<StatementList>
--[}]
-[$]

Compilation complete (for now) for program 14.

-------------------------------------------
Compiling program 15...

LEXER -- Lexing program 15...
LEXER -- L_BRACE [ { ] found at (29:1)
LEXER -- INT [ int ] found at (30:3)
LEXER -- CHAR [ a ] found at (30:7)
LEXER -- CHAR [ a ] found at (31:3)
LEXER -- ASSIGN_OP [ = ] found at (31:5)
LEXER -- CHAR [ a ] found at (31:7)
LEXER -- STRING [ string ] found at (32:3)
LEXER -- CHAR [ b ] found at (32:10)
LEXER -- CHAR [ a ] found at (33:3)
LEXER -- ASSIGN_OP [ = ] found at (33:5)
LEXER -- CHAR [ b ] found at (33:7)
LEXER -- R_BRACE [ } ] found at (34:1)
LEXER -- EOP [ $ ] found at (34:2)
LEXER -- Lexing complete for program 15. No errors found.

PARSER -- Parsing program 15...
PARSER -- parse()
PARSER -- parseProgram()
PARSER -- parseBlock()
PARSER -- parseStatementList()
PARSER -- parseStatement()
PARSER -- parseVarDecl()
PARSER -- parseId()
PARSER -- parseStatementList()
PARSER -- parseStatement()
PARSER -- parseAssignmentStatement()
PARSER -- parseId()
PARSER -- parseExpr()
PARSER -- parseId()
PARSER -- parseStatementList()
PARSER -- parseStatement()
PARSER -- parseVarDecl()
PARSER -- parseId()
PARSER -- parseStatementList()
PARSER -- parseStatement()
PARSER -- parseAssignmentStatement()
PARSER -- parseId()
PARSER -- parseExpr()
PARSER -- parseId()
PARSER -- parseStatementList()
PARSER -- Parse completed successfully.

CST for program 15:
<Program>
-<Block>
--[{]
--<StatementList>
---<Statement>
----<VarDecl>
-----[int]
-----<Id>
------[a]
---<StatementList>
----<Statement>
-----<AssignmentStatement>
------<Id>
-------[a]
------[=]
------<Expr>
-------<Id>
--------[a]
----<StatementList>
-----<Statement>
------<VarDecl>
-------[string]
-------<Id>
--------[b]
-----<StatementList>
------<Statement>
-------<AssignmentStatement>
--------<Id>
---------[a]
--------[=]
--------<Expr>
---------<Id>
----------[b]
------<StatementList>
--[}]
-[$]

Compilation complete (for now) for program 15.

-------------------------------------------
Compiling program 16...

LEXER -- Lexing program 16...
LEXER -- L_BRACE [ { ] found at (36:1)
LEXER -- INT [ int ] found at (36:2)
LEXER -- CHAR [ a ] found at (36:6)
LEXER -- CHAR [ a ] found at (36:8)
LEXER -- ASSIGN_OP [ = ] found at (36:9)
LEXER -- CHAR [ a ] found at (36:10)
LEXER -- STRING [ string ] found at (36:12)
LEXER -- CHAR [ b ] found at (36:19)
LEXER -- CHAR [ a ] found at (36:21)
LEXER -- ASSIGN_OP [ = ] found at (36:22)
LEXER -- CHAR [ b ] found at (36:23)
LEXER -- R_BRACE [ } ] found at (36:24)
LEXER -- EOP [ $ ] found at (36:25)
LEXER -- Lexing complete for program 16. No errors found.

PARSER -- Parsing program 16...
PARSER -- parse()
PARSER -- parseProgram()
PARSER -- parseBlock()
PARSER -- parseStatementList()
PARSER -- parseStatement()
PARSER -- parseVarDecl()
PARSER -- parseId()
PARSER -- parseStatementList()
PARSER -- parseStatement()
PARSER -- parseAssignmentStatement()
PARSER -- parseId()
PARSER -- parseExpr()
PARSER -- parseId()
PARSER -- parseStatementList()
PARSER -- parseStatement()
PARSER -- parseVarDecl()
PARSER -- parseId()
PARSER -- parseStatementList()
PARSER -- parseStatement()
PARSER -- parseAssignmentStatement()
PARSER -- parseId()
PARSER -- parseExpr()
PARSER -- parseId()
PARSER -- parseStatementList()
PARSER -- Parse completed successfully.

CST for program 16:
<Program>
-<Block>
--[{]
--<StatementList>
---<Statement>
----<VarDecl>
-----[int]
-----<Id>
------[a]
---<StatementList>
----<Statement>
-----<AssignmentStatement>
------<Id>
-------[a]
------[=]
------<Expr>
-------<Id>
--------[a]
----<StatementList>
-----<Statement>
------<VarDecl>
-------[string]
-------<Id>
--------[b]
-----<StatementList>
------<Statement>
-------<AssignmentStatement>
--------<Id>
---------[a]
--------[=]
--------<Expr>
---------<Id>
----------[b]
------<StatementList>
--[}]
-[$]

Compilation complete (for now) for program 16.

-------------------------------------------
Compiling program 17...

LEXER -- Lexing program 17...
LEXER -- L_BRACE [ { ] found at (38:1)
LEXER -- L_BRACE [ { ] found at (38:2)
LEXER -- L_BRACE [ { ] found at (38:3)
LEXER -- L_BRACE [ { ] found at (38:4)
LEXER -- L_BRACE [ { ] found at (38:5)
LEXER -- L_BRACE [ { ] found at (38:6)
LEXER -- CHAR [ a ] found at (38:7)
LEXER -- ASSIGN_OP [ = ] found at (38:8)
LEXER -- DIGIT [ 1 ] found at (38:9)
LEXER -- INT_OP [ + ] found at (38:10)
LEXER -- DIGIT [ 2 ] found at (38:11)
LEXER -- INT_OP [ + ] found at (38:12)
LEXER -- DIGIT [ 3 ] found at (38:13)
LEXER -- INT_OP [ + ] found at (38:14)
LEXER -- DIGIT [ 4 ] found at (38:15)
LEXER -- INT_OP [ + ] found at (38:16)
LEXER -- DIGIT [ 5 ] found at (38:17)
LEXER -- L_BRACE [ { ] found at (38:18)
LEXER -- PRINT [ print ] found at (38:19)
LEXER -- L_PAREN [ ( ] found at (38:24)
LEXER -- DIGIT [ 4 ] found at (38:25)
LEXER -- INT_OP [ + ] found at (38:26)
LEXER -- CHAR [ a ] found at (38:27)
LEXER -- R_PAREN [ ) ] found at (38:28)
LEXER -- R_BRACE [ } ] found at (38:29)
LEXER -- R_BRACE [ } ] found at (38:30)
LEXER -- R_BRACE [ } ] found at (38:31)
LEXER -- R_BRACE [ } ] found at (38:32)
LEXER -- R_BRACE [ } ] found at (38:33)
LEXER -- R_BRACE [ } ] found at (38:34)
LEXER -- R_BRACE [ } ] found at (38:35)
LEXER -- EOP [ $ ] found at (38:36)
LEXER -- Lexing complete for program 17. No errors found.

PARSER -- Parsing program 17...
PARSER -- parse()
PARSER -- parseProgram()
PARSER -- parseBlock()
PARSER -- parseStatementList()
PARSER -- parseStatement()
PARSER -- parseBlock()
PARSER -- parseStatementList()
PARSER -- parseStatement()
PARSER -- parseBlock()
PARSER -- parseStatementList()
PARSER -- parseStatement()
PARSER -- parseBlock()
PARSER -- parseStatementList()
PARSER -- parseStatement()
PARSER -- parseBlock()
PARSER -- parseStatementList()
PARSER -- parseStatement()
PARSER -- parseBlock()
PARSER -- parseStatementList()
PARSER -- parseStatement()
PARSER -- parseAssignmentStatement()
PARSER -- parseId()
PARSER -- parseExpr()
PARSER -- parseIntExpr()
PARSER -- parseExpr()
PARSER -- parseIntExpr()
PARSER -- parseExpr()
PARSER -- parseIntExpr()
PARSER -- parseExpr()
PARSER -- parseIntExpr()
PARSER -- parseExpr()
PARSER -- parseIntExpr()
PARSER -- parseStatementList()
PARSER -- parseStatement()
PARSER -- parseBlock()
PARSER -- parseStatementList()
PARSER -- parseStatement()
PARSER -- parsePrintStatement()
PARSER -- parseExpr()
PARSER -- parseIntExpr()
PARSER -- parseExpr()
PARSER -- parseId()
PARSER -- parseStatementList()
PARSER -- parseStatementList()
PARSER -- parseStatementList()
PARSER -- parseStatementList()
PARSER -- parseStatementList()
PARSER -- parseStatementList()
PARSER -- parseStatementList()
PARSER -- Parse completed successfully.

CST for program 17:
<Program>
-<Block>
--[{]
--<StatementList>
---<Statement>
----<Block>
-----[{]
-----<StatementList>
------<Statement>
-------<Block>
--------[{]
--------<StatementList>
---------<Statement>
----------<Block>
-----------[{]
-----------<StatementList>
------------<Statement>
-------------<Block>
--------------[{]
--------------<StatementList>
---------------<Statement>
----------------<Block>
-----------------[{]
-----------------<StatementList>
------------------<Statement>
-------------------<AssignmentStatement>
--------------------<Id>
---------------------[a]
--------------------[=]
--------------------<Expr>
---------------------<IntExpr>
----------------------[1]
----------------------[+]
----------------------<Expr>
-----------------------<IntExpr>
------------------------[2]
------------------------[+]
------------------------<Expr>
-------------------------<IntExpr>
--------------------------[3]
--------------------------[+]
--------------------------<Expr>
---------------------------<IntExpr>
----------------------------[4]
----------------------------[+]
----------------------------<Expr>
-----------------------------<IntExpr>
------------------------------[5]
------------------<StatementList>
-------------------<Statement>
--------------------<Block>
---------------------[{]
---------------------<StatementList>
----------------------<Statement>
-----------------------<PrintStatement>
------------------------[print]
------------------------[(]
------------------------<Expr>
-------------------------<IntExpr>
--------------------------[4]
--------------------------[+]
--------------------------<Expr>
---------------------------<Id>
----------------------------[a]
------------------------[)]
----------------------<StatementList>
---------------------[}]
-------------------<StatementList>
-----------------[}]
---------------<StatementList>
--------------[}]
------------<StatementList>
-----------[}]
---------<StatementList>
--------[}]
------<StatementList>
-----[}]
---<StatementList>
--[}]
-[$]

Compilation complete (for now) for program 17.

-------------------------------------------
Compiling program 18...

LEXER -- Lexing program 18...
LEXER -- L_BRACE [ { ] found at (40:1)
LEXER -- STRING [ string ] found at (42:3)
LEXER -- CHAR [ b ] found at (42:10)
LEXER -- R_BRACE [ } ] found at (43:1)
LEXER -- EOP [ $ ] found at (43:2)
LEXER -- Lexing complete for program 18. No errors found.

PARSER -- Parsing program 18...
PARSER -- parse()
PARSER -- parseProgram()
PARSER -- parseBlock()
PARSER -- parseStatementList()
PARSER -- parseStatement()
PARSER -- parseVarDecl()
PARSER -- parseId()
PARSER -- parseStatementList()
PARSER -- Parse completed successfully.

CST for program 18:
<Program>
-<Block>
--[{]
--<StatementList>
---<Statement>
----<VarDecl>
-----[string]
-----<Id>
------[b]
---<StatementList>
--[}]
-[$]

Compilation complete (for now) for program 18.

-------------------------------------------
Compiling program 19...

LEXER -- Lexing program 19...
LEXER -- L_BRACE [ { ] found at (45:1)
LEXER -- STRING [ string ] found at (46:3)
LEXER -- CHAR [ s ] found at (46:10)
LEXER -- CHAR [ s ] found at (47:3)
LEXER -- ASSIGN_OP [ = ] found at (47:5)
LEXER -- QUOTE [ " ] found at (47:7)
LEXER -- CHAR [ t ] found at (47:8)
LEXER -- CHAR [ h ] found at (47:9)
LEXER -- CHAR [ i ] found at (47:10)
LEXER -- CHAR [ s ] found at (47:11)
LEXER -- SPACE [   ] found at (47:12)
LEXER -- CHAR [ s ] found at (47:13)
LEXER -- CHAR [ t ] found at (47:14)
LEXER -- CHAR [ r ] found at (47:15)
LEXER -- CHAR [ i ] found at (47:16)
LEXER -- CHAR [ n ] found at (47:17)
LEXER -- CHAR [ g ] found at (47:18)
LEXER -- SPACE [   ] found at (47:19)
LEXER -- CHAR [ i ] found at (47:20)
LEXER -- CHAR [ s ] found at (47:21)
LEXER -- SPACE [   ] found at (47:22)
LEXER -- SPACE [   ] found at (47:29)
LEXER -- CHAR [ v ] found at (47:32)
LEXER -- CHAR [ i ] found at (47:33)
LEXER -- CHAR [ s ] found at (47:34)
LEXER -- CHAR [ i ] found at (47:35)
LEXER -- CHAR [ b ] found at (47:36)
LEXER -- CHAR [ l ] found at (47:37)
LEXER -- CHAR [ e ] found at (47:38)
LEXER -- QUOTE [ " ] found at (47:39)
LEXER -- R_BRACE [ } ] found at (48:1)
LEXER -- EOP [ $ ] found at (48:2)
LEXER -- Lexing complete for program 19. No errors found.

PARSER -- Parsing program 19...
PARSER -- parse()
PARSER -- parseProgram()
PARSER -- parseBlock()
PARSER -- parseStatementList()
PARSER -- parseStatement()
PARSER -- parseVarDecl()
PARSER -- parseId()
PARSER -- parseStatementList()
PARSER -- parseStatement()
PARSER -- parseAssignmentStatement()
PARSER -- parseId()
PARSER -- parseExpr()
PARSER -- parseStringExpr()
PARSER -- parseCharList()
PARSER -- parseCharList()
PARSER -- parseCharList()
PARSER -- parseCharList()
PARSER -- parseCharList()
PARSER -- parseCharList()
PARSER -- parseCharList()
PARSER -- parseCharList()
PARSER -- parseCharList()
PARSER -- parseCharList()
PARSER -- parseCharList()
PARSER -- parseCharList()
PARSER -- parseCharList()
PARSER -- parseCharList()
PARSER -- parseCharList()
PARSER -- parseCharList()
PARSER -- parseCharList()
PARSER -- parseCharList()
PARSER -- parseCharList()
PARSER -- parseCharList()
PARSER -- parseCharList()
PARSER -- parseCharList()
PARSER -- parseCharList()
PARSER -- parseCharList()
PARSER -- parseStatementList()
PARSER -- Parse completed successfully.

CST for program 19:
<Program>
-<Block>
--[{]
--<StatementList>
---<Statement>
----<VarDecl>
-----[string]
-----<Id>
------[s]
---<StatementList>
----<Statement>
-----<AssignmentStatement>
------<Id>
-------[s]
------[=]
------<Expr>
-------<StringExpr>
--------["]
--------<CharList>
---------[t]
---------<CharList>
----------[h]
----------<CharList>
-----------[i]
-----------<CharList>
------------[s]
------------<CharList>
-------------[ ]
-------------<CharList>
--------------[s]
--------------<CharList>
---------------[t]
---------------<CharList>
----------------[r]
----------------<CharList>
-----------------[i]
-----------------<CharList>
------------------[n]
------------------<CharList>
-------------------[g]
-------------------<CharList>
--------------------[ ]
--------------------<CharList>
---------------------[i]
---------------------<CharList>
----------------------[s]
----------------------<CharList>
-----------------------[ ]
-----------------------<CharList>
------------------------[ ]
------------------------<CharList>
-------------------------[v]
-------------------------<CharList>
--------------------------[i]
--------------------------<CharList>
---------------------------[s]
---------------------------<CharList>
----------------------------[i]
----------------------------<CharList>
-----------------------------[b]
-----------------------------<CharList>
------------------------------[l]
------------------------------<CharList>
-------------------------------[e]
-------------------------------<CharList>
--------["]
----<StatementList>
--[}]
-[$]

Compilation complete (for now) for program 19.

-------------------------------------------
Compiling program 20...

LEXER -- Lexing program 20...
LEXER -- L_BRACE [ { ] found at (50:1)
LEXER -- BOOL [ boolean ] found at (51:3)
LEXER -- CHAR [ d ] found at (51:11)
LEXER -- CHAR [ d ] found at (52:3)
LEXER -- ASSIGN_OP [ = ] found at (52:5)
LEXER -- L_PAREN [ ( ] found at (52:7)
LEXER -- QUOTE [ " ] found at (52:8)
LEXER -- CHAR [ s ] found at (52:9)
LEXER -- CHAR [ t ] found at (52:10)
LEXER -- CHAR [ r ] found at (52:11)
LEXER -- CHAR [ i ] found at (52:12)
LEXER -- CHAR [ n ] found at (52:13)
LEXER -- CHAR [ g ] found at (52:14)
LEXER -- QUOTE [ " ] found at (52:15)
LEXER -- BOOL_OP [ != ] found at (52:17)
LEXER -- QUOTE [ " ] found at (52:20)
LEXER -- CHAR [ s ] found at (52:21)
LEXER -- CHAR [ t ] found at (52:22)
LEXER -- CHAR [ r ] found at (52:23)
LEXER -- CHAR [ i ] found at (52:24)
LEXER -- CHAR [ n ] found at (52:25)
LEXER -- CHAR [ g ] found at (52:26)
LEXER -- QUOTE [ " ] found at (52:27)
LEXER -- R_PAREN [ ) ] found at (52:28)
LEXER -- R_BRACE [ } ] found at (53:1)
LEXER -- EOP [ $ ] found at (53:2)
LEXER -- Lexing complete for program 20. No errors found.

PARSER -- Parsing program 20...
PARSER -- parse()
PARSER -- parseProgram()
PARSER -- parseBlock()
PARSER -- parseStatementList()
PARSER -- parseStatement()
PARSER -- parseVarDecl()
PARSER -- parseId()
PARSER -- parseStatementList()
PARSER -- parseStatement()
PARSER -- parseAssignmentStatement()
PARSER -- parseId()
PARSER -- parseExpr()
PARSER -- parseBooleanExpr()
PARSER -- parseExpr()
PARSER -- parseStringExpr()
PARSER -- parseCharList()
PARSER -- parseCharList()
PARSER -- parseCharList()
PARSER -- parseCharList()
PARSER -- parseCharList()
PARSER -- parseCharList()
PARSER -- parseCharList()
PARSER -- parseExpr()
PARSER -- parseStringExpr()
PARSER -- parseCharList()
PARSER -- parseCharList()
PARSER -- parseCharList()
PARSER -- parseCharList()
PARSER -- parseCharList()
PARSER -- parseCharList()
PARSER -- parseCharList()
PARSER -- parseStatementList()
PARSER -- Parse completed successfully.

CST for program 20:
<Program>
-<Block>
--[{]
--<StatementList>
---<Statement>
----<VarDecl>
-----[boolean]
-----<Id>
------[d]
---<StatementList>
----<Statement>
-----<AssignmentStatement>
------<Id>
-------[d]
------[=]
------<Expr>
-------<BooleanExpr>
--------[(]
--------<Expr>
---------<StringExpr>
----------["]
----------<CharList>
-----------[s]
-----------<CharList>
------------[t]
------------<CharList>
-------------[r]
-------------<CharList>
--------------[i]
--------------<CharList>
---------------[n]
---------------<CharList>
----------------[g]
----------------<CharList>
----------["]
--------[!=]
--------<Expr>
---------<StringExpr>
----------["]
----------<CharList>
-----------[s]
-----------<CharList>
------------[t]
------------<CharList>
-------------[r]
-------------<CharList>
--------------[i]
--------------<CharList>
---------------[n]
---------------<CharList>
----------------[g]
----------------<CharList>
----------["]
--------[)]
----<StatementList>
--[}]
-[$]

Compilation complete (for now) for program 20.

-------------------------------------------
