Compiling program 1...

LEXER -- Lexing program 1...
LEXER -- L_BRACE [ { ] found at (1:1)
LEXER -- INT [ int ] found at (1:3)
LEXER -- CHAR [ a ] found at (1:7)
LEXER -- EOP [ $ ] found at (1:33)
LEXER -- WARNING: Program ended in open comment. Consider closing it. at (1:33)
LEXER -- Lexing complete for program 1. No errors found.

PARSER -- Parsing program 1...
PARSER -- parse()
PARSER -- parseProgram()
PARSER -- parseBlock()
PARSER -- parseStatementList()
PARSER -- parseStatement()
PARSER -- parseVarDecl()
PARSER -- parseId()
PARSER -- parseStatementList()
PARSER -- ERROR: Expected [R_BRACE], found [EOP] with value '$' at (1:33)
PARSER -- Parse failed with 1 error(s)
Compilation stopped for program 1 due to Parse error(s).

-------------------------------------------
Compiling program 2...

LEXER -- Lexing program 2...
LEXER -- L_BRACE [ { ] found at (3:1)
LEXER -- INT [ int ] found at (3:2)
LEXER -- CHAR [ f ] found at (3:5)
LEXER -- INT [ int ] found at (3:6)
LEXER -- IF [ if ] found at (3:9)
LEXER -- ASSIGN_OP [ = ] found at (3:11)
LEXER -- DIGIT [ 2 ] found at (3:12)
LEXER -- R_BRACE [ } ] found at (3:13)
LEXER -- EOP [ $ ] found at (3:14)
LEXER -- Lexing complete for program 2. No errors found.

PARSER -- Parsing program 2...
PARSER -- parse()
PARSER -- parseProgram()
PARSER -- parseBlock()
PARSER -- parseStatementList()
PARSER -- parseStatement()
PARSER -- parseVarDecl()
PARSER -- parseId()
PARSER -- parseStatementList()
PARSER -- parseStatement()
PARSER -- parseVarDecl()
PARSER -- parseId()
PARSER -- ERROR: Expected [CHAR], found [IF] with value 'if' at (3:9)
PARSER -- Parse failed with 1 error(s)
Compilation stopped for program 2 due to Parse error(s).

-------------------------------------------
Compiling program 3...

LEXER -- Lexing program 3...
LEXER -- L_BRACE [ { ] found at (5:1)
LEXER -- INT [ int ] found at (5:2)
LEXER -- CHAR [ i ] found at (5:5)
LEXER -- CHAR [ i ] found at (5:6)
LEXER -- ASSIGN_OP [ = ] found at (5:7)
LEXER -- DIGIT [ 0 ] found at (5:8)
LEXER -- STRING [ string ] found at (5:9)
LEXER -- CHAR [ s ] found at (5:15)
LEXER -- CHAR [ s ] found at (5:16)
LEXER -- ASSIGN_OP [ = ] found at (5:17)
LEXER -- QUOTE [ " ] found at (5:18)
LEXER -- CHAR [ h ] found at (5:19)
LEXER -- CHAR [ e ] found at (5:20)
LEXER -- CHAR [ l ] found at (5:21)
LEXER -- CHAR [ l ] found at (5:22)
LEXER -- CHAR [ o ] found at (5:23)
LEXER -- QUOTE [ " ] found at (5:24)
LEXER -- BOOL [ boolean ] found at (5:25)
LEXER -- CHAR [ b ] found at (5:32)
LEXER -- CHAR [ b ] found at (5:33)
LEXER -- ASSIGN_OP [ = ] found at (5:34)
LEXER -- L_PAREN [ ( ] found at (5:35)
LEXER -- BOOL_VAL [ true ] found at (5:36)
LEXER -- BOOL_OP [ == ] found at (5:40)
LEXER -- L_PAREN [ ( ] found at (5:42)
LEXER -- DIGIT [ 1 ] found at (5:43)
LEXER -- ERROR: Unrecognized token [ ! ] at (5:44)
LEXER -- ASSIGN_OP [ = ] found at (6:1)
LEXER -- DIGIT [ 2 ] found at (6:2)
LEXER -- R_PAREN [ ) ] found at (6:3)
LEXER -- R_PAREN [ ) ] found at (6:4)
LEXER -- IF [ if ] found at (6:5)
LEXER -- L_PAREN [ ( ] found at (6:7)
LEXER -- CHAR [ b ] found at (6:8)
LEXER -- BOOL_OP [ == ] found at (6:9)
LEXER -- BOOL_VAL [ true ] found at (6:11)
LEXER -- R_PAREN [ ) ] found at (6:15)
LEXER -- L_BRACE [ { ] found at (6:16)
LEXER -- WHILE [ while ] found at (6:17)
LEXER -- L_PAREN [ ( ] found at (6:22)
LEXER -- BOOL_VAL [ true ] found at (6:23)
LEXER -- BOOL_OP [ != ] found at (6:27)
LEXER -- L_PAREN [ ( ] found at (6:29)
LEXER -- CHAR [ b ] found at (6:30)
LEXER -- BOOL_OP [ != ] found at (6:31)
LEXER -- L_PAREN [ ( ] found at (6:33)
LEXER -- BOOL_VAL [ false ] found at (6:34)
LEXER -- BOOL_OP [ == ] found at (6:39)
LEXER -- L_PAREN [ ( ] found at (6:41)
LEXER -- DIGIT [ 2 ] found at (6:42)
LEXER -- BOOL_OP [ != ] found at (6:43)
LEXER -- DIGIT [ 3 ] found at (6:45)
LEXER -- R_PAREN [ ) ] found at (6:46)
LEXER -- R_PAREN [ ) ] found at (6:47)
LEXER -- R_PAREN [ ) ] found at (6:48)
LEXER -- R_PAREN [ ) ] found at (6:49)
LEXER -- L_BRACE [ { ] found at (7:1)
LEXER -- CHAR [ i ] found at (7:2)
LEXER -- ASSIGN_OP [ = ] found at (7:3)
LEXER -- DIGIT [ 1 ] found at (7:4)
LEXER -- INT_OP [ + ] found at (7:5)
LEXER -- CHAR [ i ] found at (7:6)
LEXER -- PRINT [ print ] found at (7:7)
LEXER -- L_PAREN [ ( ] found at (7:12)
LEXER -- CHAR [ s ] found at (7:13)
LEXER -- R_PAREN [ ) ] found at (7:14)
LEXER -- R_BRACE [ } ] found at (7:15)
LEXER -- R_BRACE [ } ] found at (7:16)
LEXER -- PRINT [ print ] found at (7:17)
LEXER -- L_PAREN [ ( ] found at (7:22)
LEXER -- QUOTE [ " ] found at (7:23)
LEXER -- CHAR [ u ] found at (7:24)
LEXER -- CHAR [ g ] found at (7:25)
LEXER -- CHAR [ l ] found at (7:26)
LEXER -- CHAR [ y ] found at (7:27)
LEXER -- SPACE [   ] found at (7:28)
LEXER -- CHAR [ c ] found at (7:29)
LEXER -- CHAR [ o ] found at (7:30)
LEXER -- CHAR [ d ] found at (7:31)
LEXER -- CHAR [ e ] found at (7:32)
LEXER -- QUOTE [ " ] found at (7:33)
LEXER -- R_PAREN [ ) ] found at (7:34)
LEXER -- R_BRACE [ } ] found at (7:35)
LEXER -- EOP [ $ ] found at (7:36)
LEXER -- Lexing complete for program 3. Lex failed with 1 error(s).

Compilation stopped for program 3 due to Lexical error(s).

-------------------------------------------
Compiling program 4...

LEXER -- Lexing program 4...
LEXER -- L_BRACE [ { ] found at (9:1)
LEXER -- PRINT [ print ] found at (9:2)
LEXER -- L_PAREN [ ( ] found at (9:7)
LEXER -- DIGIT [ 0 ] found at (9:8)
LEXER -- DIGIT [ 0 ] found at (9:9)
LEXER -- DIGIT [ 7 ] found at (9:10)
LEXER -- R_PAREN [ ) ] found at (9:11)
LEXER -- R_BRACE [ } ] found at (9:12)
LEXER -- EOP [ $ ] found at (9:13)
LEXER -- Lexing complete for program 4. No errors found.

PARSER -- Parsing program 4...
PARSER -- parse()
PARSER -- parseProgram()
PARSER -- parseBlock()
PARSER -- parseStatementList()
PARSER -- parseStatement()
PARSER -- parsePrintStatement()
PARSER -- parseExpr()
PARSER -- parseIntExpr()
PARSER -- ERROR: Expected [R_PAREN], found [DIGIT] with value '0' at (9:9)
PARSER -- Parse failed with 1 error(s)
Compilation stopped for program 4 due to Parse error(s).

-------------------------------------------
Compiling program 5...

LEXER -- Lexing program 5...
LEXER -- L_BRACE [ { ] found at (11:1)
LEXER -- CHAR [ a ] found at (11:2)
LEXER -- ASSIGN_OP [ = ] found at (11:3)
LEXER -- DIGIT [ 1 ] found at (11:4)
LEXER -- DIGIT [ 2 ] found at (11:5)
LEXER -- R_BRACE [ } ] found at (11:6)
LEXER -- EOP [ $ ] found at (11:7)
LEXER -- Lexing complete for program 5. No errors found.

PARSER -- Parsing program 5...
PARSER -- parse()
PARSER -- parseProgram()
PARSER -- parseBlock()
PARSER -- parseStatementList()
PARSER -- parseStatement()
PARSER -- parseAssignmentStatement()
PARSER -- parseId()
PARSER -- parseExpr()
PARSER -- parseIntExpr()
PARSER -- parseStatementList()
PARSER -- ERROR: Expected [R_BRACE], found [DIGIT] with value '2' at (11:5)
PARSER -- Parse failed with 1 error(s)
Compilation stopped for program 5 due to Parse error(s).

-------------------------------------------
Compiling program 6...

LEXER -- Lexing program 6...
LEXER -- L_BRACE [ { ] found at (13:1)
LEXER -- CHAR [ a ] found at (13:3)
LEXER -- ASSIGN_OP [ = ] found at (13:5)
LEXER -- QUOTE [ " ] found at (13:7)
LEXER -- CHAR [ u ] found at (13:8)
LEXER -- CHAR [ n ] found at (13:9)
LEXER -- CHAR [ t ] found at (13:10)
LEXER -- CHAR [ e ] found at (13:11)
LEXER -- CHAR [ r ] found at (13:12)
LEXER -- CHAR [ m ] found at (13:13)
LEXER -- CHAR [ i ] found at (13:14)
LEXER -- CHAR [ n ] found at (13:15)
LEXER -- CHAR [ a ] found at (13:16)
LEXER -- CHAR [ t ] found at (13:17)
LEXER -- CHAR [ e ] found at (13:18)
LEXER -- CHAR [ d ] found at (13:19)
LEXER -- SPACE [   ] found at (13:20)
LEXER -- CHAR [ s ] found at (13:21)
LEXER -- CHAR [ t ] found at (13:22)
LEXER -- CHAR [ r ] found at (13:23)
LEXER -- CHAR [ i ] found at (13:24)
LEXER -- CHAR [ n ] found at (13:25)
LEXER -- CHAR [ g ] found at (13:26)
LEXER -- SPACE [   ] found at (13:27)
LEXER -- ERROR: Illegal symbol in String [ } ] at (13:28)
LEXER -- EOP [ $ ] found at (13:29)
LEXER -- ERROR: Unterminated string at (13:29)
LEXER -- Lexing complete for program 6. Lex failed with 2 error(s).

Compilation stopped for program 6 due to Lexical error(s).

-------------------------------------------
Compiling program 7...

LEXER -- Lexing program 7...
LEXER -- L_BRACE [ { ] found at (15:1)
LEXER -- CHAR [ t ] found at (15:2)
LEXER -- CHAR [ h ] found at (15:3)
LEXER -- CHAR [ i ] found at (15:4)
LEXER -- CHAR [ s ] found at (15:5)
LEXER -- CHAR [ i ] found at (15:6)
LEXER -- CHAR [ s ] found at (15:7)
LEXER -- CHAR [ n ] found at (15:8)
LEXER -- CHAR [ o ] found at (15:9)
LEXER -- CHAR [ t ] found at (15:10)
LEXER -- CHAR [ a ] found at (15:11)
LEXER -- CHAR [ l ] found at (15:12)
LEXER -- CHAR [ e ] found at (15:13)
LEXER -- CHAR [ x ] found at (15:14)
LEXER -- CHAR [ e ] found at (15:15)
LEXER -- CHAR [ m ] found at (15:16)
LEXER -- CHAR [ e ] found at (15:17)
LEXER -- R_BRACE [ } ] found at (15:18)
LEXER -- EOP [ $ ] found at (15:19)
LEXER -- Lexing complete for program 7. No errors found.

PARSER -- Parsing program 7...
PARSER -- parse()
PARSER -- parseProgram()
PARSER -- parseBlock()
PARSER -- parseStatementList()
PARSER -- parseStatement()
PARSER -- parseAssignmentStatement()
PARSER -- parseId()
PARSER -- ERROR: Expected [ASSIGN_OP], found [CHAR] with value 'h' at (15:3)
PARSER -- Parse failed with 1 error(s)
Compilation stopped for program 7 due to Parse error(s).

-------------------------------------------
Compiling program 8...

LEXER -- Lexing program 8...
LEXER -- L_BRACE [ { ] found at (17:1)
LEXER -- CHAR [ t ] found at (17:2)
LEXER -- CHAR [ h ] found at (17:3)
LEXER -- CHAR [ i ] found at (17:4)
LEXER -- CHAR [ s ] found at (17:5)
LEXER -- CHAR [ i ] found at (17:6)
LEXER -- CHAR [ s ] found at (17:7)
LEXER -- CHAR [ n ] found at (17:8)
LEXER -- CHAR [ o ] found at (17:9)
LEXER -- CHAR [ t ] found at (17:10)
LEXER -- CHAR [ a ] found at (17:11)
LEXER -- CHAR [ l ] found at (17:12)
LEXER -- CHAR [ e ] found at (17:13)
LEXER -- CHAR [ x ] found at (17:14)
LEXER -- CHAR [ e ] found at (17:15)
LEXER -- CHAR [ m ] found at (17:16)
LEXER -- CHAR [ e ] found at (17:17)
LEXER -- ASSIGN_OP [ = ] found at (17:19)
LEXER -- DIGIT [ 1 ] found at (17:21)
LEXER -- R_BRACE [ } ] found at (17:22)
LEXER -- EOP [ $ ] found at (17:23)
LEXER -- Lexing complete for program 8. No errors found.

PARSER -- Parsing program 8...
PARSER -- parse()
PARSER -- parseProgram()
PARSER -- parseBlock()
PARSER -- parseStatementList()
PARSER -- parseStatement()
PARSER -- parseAssignmentStatement()
PARSER -- parseId()
PARSER -- ERROR: Expected [ASSIGN_OP], found [CHAR] with value 'h' at (17:3)
PARSER -- Parse failed with 1 error(s)
Compilation stopped for program 8 due to Parse error(s).

-------------------------------------------
