Compiling program 1...

LEXER -- Lexing program 1...
LEXER -- L_BRACE [ { ] found at (1:1)
LEXER -- R_BRACE [ } ] found at (1:2)
LEXER -- EOP [ $ ] found at (1:3)
LEXER -- Lexing complete for program 1. No errors found.

PARSER -- Parsing program 1...
PARSER -- parse()
PARSER -- parseProgram()
PARSER -- parseBlock()
PARSER -- parseStatementList()
PARSER -- Parse completed successfully.

CST for program 1:
<Program>
-<Block>
--[{]
--<StatementList>
--[}]
-[$]

Compilation complete (for now) for program 1.

Compiling program 2...

LEXER -- Lexing program 2...
LEXER -- L_BRACE [ { ] found at (2:1)
LEXER -- L_BRACE [ { ] found at (2:2)
LEXER -- L_BRACE [ { ] found at (2:3)
LEXER -- L_BRACE [ { ] found at (2:4)
LEXER -- L_BRACE [ { ] found at (2:5)
LEXER -- L_BRACE [ { ] found at (2:6)
LEXER -- R_BRACE [ } ] found at (2:7)
LEXER -- R_BRACE [ } ] found at (2:8)
LEXER -- R_BRACE [ } ] found at (2:9)
LEXER -- R_BRACE [ } ] found at (2:10)
LEXER -- R_BRACE [ } ] found at (2:11)
LEXER -- R_BRACE [ } ] found at (2:12)
LEXER -- EOP [ $ ] found at (2:13)
LEXER -- Lexing complete for program 2. No errors found.

PARSER -- Parsing program 2...
PARSER -- parse()
PARSER -- parseProgram()
PARSER -- parseBlock()
PARSER -- parseStatementList()
PARSER -- parseStatement()
PARSER -- parseBlock()
PARSER -- parseStatementList()
PARSER -- parseStatement()
PARSER -- parseBlock()
PARSER -- parseStatementList()
PARSER -- parseStatement()
PARSER -- parseBlock()
PARSER -- parseStatementList()
PARSER -- parseStatement()
PARSER -- parseBlock()
PARSER -- parseStatementList()
PARSER -- parseStatement()
PARSER -- parseBlock()
PARSER -- parseStatementList()
PARSER -- parseStatementList()
PARSER -- parseStatementList()
PARSER -- parseStatementList()
PARSER -- parseStatementList()
PARSER -- parseStatementList()
PARSER -- Parse completed successfully.

CST for program 2:
<Program>
-<Block>
--[{]
--<StatementList>
---<Statement>
----<Block>
-----[{]
-----<StatementList>
------<Statement>
-------<Block>
--------[{]
--------<StatementList>
---------<Statement>
----------<Block>
-----------[{]
-----------<StatementList>
------------<Statement>
-------------<Block>
--------------[{]
--------------<StatementList>
---------------<Statement>
----------------<Block>
-----------------[{]
-----------------<StatementList>
-----------------[}]
---------------<StatementList>
--------------[}]
------------<StatementList>
-----------[}]
---------<StatementList>
--------[}]
------<StatementList>
-----[}]
---<StatementList>
--[}]
-[$]

Compilation complete (for now) for program 2.

Compiling program 3...

LEXER -- Lexing program 3...
LEXER -- L_BRACE [ { ] found at (2:1)
LEXER -- L_BRACE [ { ] found at (2:2)
LEXER -- L_BRACE [ { ] found at (2:3)
LEXER -- L_BRACE [ { ] found at (2:4)
LEXER -- L_BRACE [ { ] found at (2:5)
LEXER -- L_BRACE [ { ] found at (2:6)
LEXER -- R_BRACE [ } ] found at (2:7)
LEXER -- R_BRACE [ } ] found at (2:8)
LEXER -- R_BRACE [ } ] found at (2:9)
LEXER -- R_BRACE [ } ] found at (2:36)
LEXER -- R_BRACE [ } ] found at (2:39)
LEXER -- R_BRACE [ } ] found at (2:40)
LEXER -- R_BRACE [ } ] found at (2:41)
LEXER -- EOP [ $ ] found at (2:42)
LEXER -- Lexing complete for program 3. No errors found.

PARSER -- Parsing program 3...
PARSER -- parse()
PARSER -- parseProgram()
PARSER -- parseBlock()
PARSER -- parseStatementList()
PARSER -- parseStatement()
PARSER -- parseBlock()
PARSER -- parseStatementList()
PARSER -- parseStatement()
PARSER -- parseBlock()
PARSER -- parseStatementList()
PARSER -- parseStatement()
PARSER -- parseBlock()
PARSER -- parseStatementList()
PARSER -- parseStatement()
PARSER -- parseBlock()
PARSER -- parseStatementList()
PARSER -- parseStatement()
PARSER -- parseBlock()
PARSER -- parseStatementList()
PARSER -- parseStatementList()
PARSER -- parseStatementList()
PARSER -- parseStatementList()
PARSER -- parseStatementList()
PARSER -- parseStatementList()
PARSER -- ERROR: Expected [EOP], found [R_BRACE] with value '}' at (2:41)
PARSER -- Parse failed with 1 error(s)
Compilation stopped for program 3 due to Parse error(s).

Compiling program 4...

LEXER -- Lexing program 4...
LEXER -- L_BRACE [ { ] found at (2:1)
LEXER -- INT [ int ] found at (2:34)
LEXER -- ERROR: Unrecognized token [ @ ] at (2:40)
LEXER -- R_BRACE [ } ] found at (2:41)
LEXER -- EOP [ $ ] found at (2:42)
LEXER -- Lexing complete for program 4. Lex failed with 1 error(s).

Compilation stopped for program 4 due to Lexical error(s).

